// Jest Snapshot v1, https://goo.gl/fbAQLP

exports[`Dialog list component Empty contact list snapshot 1`] = `
Object {
  "asFragment": [Function],
  "baseElement": <body>
    <div>
      <div
        class="dialogs__container"
      >
        <div
          class="dialogs__item"
        >
          <a
            class="dialogs__link"
            href="/messages/1"
          >
            <div
              class="dialogs__link_info"
              style="display: flex; align-items: center;"
            >
              <img
                alt="avatar"
                src="smallAlice"
              />
              <div>
                <h3
                  class="dialogs__link_info_name"
                >
                  Alice
                </h3>
                <div>
                  Status not set
                </div>
              </div>
            </div>
          </a>
        </div>
        <div
          class="dialogs__item"
        >
          <a
            class="dialogs__link"
            href="/messages/2"
          >
            <div
              class="dialogs__link_info"
              style="display: flex; align-items: center;"
            >
              <img
                alt="avatar"
                src="smallAlex"
              />
              <div>
                <h3
                  class="dialogs__link_info_name"
                >
                  Alex
                </h3>
                <div>
                  Status
                </div>
              </div>
            </div>
          </a>
        </div>
      </div>
    </div>
  </body>,
  "container": <div>
    <div
      class="dialogs__container"
    >
      <div
        class="dialogs__item"
      >
        <a
          class="dialogs__link"
          href="/messages/1"
        >
          <div
            class="dialogs__link_info"
            style="display: flex; align-items: center;"
          >
            <img
              alt="avatar"
              src="smallAlice"
            />
            <div>
              <h3
                class="dialogs__link_info_name"
              >
                Alice
              </h3>
              <div>
                Status not set
              </div>
            </div>
          </div>
        </a>
      </div>
      <div
        class="dialogs__item"
      >
        <a
          class="dialogs__link"
          href="/messages/2"
        >
          <div
            class="dialogs__link_info"
            style="display: flex; align-items: center;"
          >
            <img
              alt="avatar"
              src="smallAlex"
            />
            <div>
              <h3
                class="dialogs__link_info_name"
              >
                Alex
              </h3>
              <div>
                Status
              </div>
            </div>
          </div>
        </a>
      </div>
    </div>
  </div>,
  "debug": [Function],
  "findAllByAltText": [Function],
  "findAllByDisplayValue": [Function],
  "findAllByLabelText": [Function],
  "findAllByPlaceholderText": [Function],
  "findAllByRole": [Function],
  "findAllByTestId": [Function],
  "findAllByText": [Function],
  "findAllByTitle": [Function],
  "findByAltText": [Function],
  "findByDisplayValue": [Function],
  "findByLabelText": [Function],
  "findByPlaceholderText": [Function],
  "findByRole": [Function],
  "findByTestId": [Function],
  "findByText": [Function],
  "findByTitle": [Function],
  "getAllByAltText": [Function],
  "getAllByDisplayValue": [Function],
  "getAllByLabelText": [Function],
  "getAllByPlaceholderText": [Function],
  "getAllByRole": [Function],
  "getAllByTestId": [Function],
  "getAllByText": [Function],
  "getAllByTitle": [Function],
  "getByAltText": [Function],
  "getByDisplayValue": [Function],
  "getByLabelText": [Function],
  "getByPlaceholderText": [Function],
  "getByRole": [Function],
  "getByTestId": [Function],
  "getByText": [Function],
  "getByTitle": [Function],
  "queryAllByAltText": [Function],
  "queryAllByDisplayValue": [Function],
  "queryAllByLabelText": [Function],
  "queryAllByPlaceholderText": [Function],
  "queryAllByRole": [Function],
  "queryAllByTestId": [Function],
  "queryAllByText": [Function],
  "queryAllByTitle": [Function],
  "queryByAltText": [Function],
  "queryByDisplayValue": [Function],
  "queryByLabelText": [Function],
  "queryByPlaceholderText": [Function],
  "queryByRole": [Function],
  "queryByTestId": [Function],
  "queryByText": [Function],
  "queryByTitle": [Function],
  "rerender": [Function],
  "unmount": [Function],
}
`;
