// Jest Snapshot v1, https://goo.gl/fbAQLP

exports[`App test\`s App snapshot 1`] = `
Object {
  "asFragment": [Function],
  "baseElement": <body>
    <div>
      <div
        class="app__wrapper"
      >
        <header
          class="header__wrapper"
        >
          <div>
            <div
              class="header__mobile_menu"
            >
              <button
                class="ant-btn ant-btn-primary"
                type="button"
              >
                <span
                  aria-label="menu-unfold"
                  class="anticon anticon-menu-unfold"
                  role="img"
                >
                  <svg
                    aria-hidden="true"
                    data-icon="menu-unfold"
                    fill="currentColor"
                    focusable="false"
                    height="1em"
                    viewBox="64 64 896 896"
                    width="1em"
                  >
                    <path
                      d="M408 442h480c4.4 0 8-3.6 8-8v-56c0-4.4-3.6-8-8-8H408c-4.4 0-8 3.6-8 8v56c0 4.4 3.6 8 8 8zm-8 204c0 4.4 3.6 8 8 8h480c4.4 0 8-3.6 8-8v-56c0-4.4-3.6-8-8-8H408c-4.4 0-8 3.6-8 8v56zm504-486H120c-4.4 0-8 3.6-8 8v56c0 4.4 3.6 8 8 8h784c4.4 0 8-3.6 8-8v-56c0-4.4-3.6-8-8-8zm0 632H120c-4.4 0-8 3.6-8 8v56c0 4.4 3.6 8 8 8h784c4.4 0 8-3.6 8-8v-56c0-4.4-3.6-8-8-8zM142.4 642.1L298.7 519a8.84 8.84 0 000-13.9L142.4 381.9c-5.8-4.6-14.4-.5-14.4 6.9v246.3a8.9 8.9 0 0014.4 7z"
                    />
                  </svg>
                </span>
              </button>
              <div>
                Menu
              </div>
            </div>
            <img
              alt="logo"
              class="header__logo"
              src="logo.png"
            />
          </div>
          <div>
            <a
              href="/login"
            >
              Login
            </a>
          </div>
        </header>
        <nav
          class="nav__wrapper"
        >
          <ul
            class="ant-menu ant-menu-root ant-menu-inline ant-menu-light nav__menu"
            data-menu-list="true"
            role="menu"
            tabindex="0"
          >
            <li
              class="ant-menu-item ant-menu-item-only-child"
              data-menu-id="rc-menu-uuid-test-/profile"
              role="menuitem"
              style="padding-left: 24px;"
              tabindex="-1"
            >
              <span
                class="ant-menu-title-content"
              >
                <h3>
                  <a
                    class=""
                    href="/profile"
                  >
                    Profile
                  </a>
                </h3>
              </span>
            </li>
            <li
              class="ant-menu-item ant-menu-item-only-child"
              data-menu-id="rc-menu-uuid-test-/users"
              role="menuitem"
              style="padding-left: 24px;"
              tabindex="-1"
            >
              <span
                class="ant-menu-title-content"
              >
                <h3>
                  <a
                    class=""
                    href="/users"
                  >
                    Users
                  </a>
                </h3>
              </span>
            </li>
            <li
              class="ant-menu-item ant-menu-item-only-child"
              data-menu-id="rc-menu-uuid-test-/messages"
              role="menuitem"
              style="padding-left: 24px;"
              tabindex="-1"
            >
              <span
                class="ant-menu-title-content"
              >
                <h3>
                  <a
                    class=""
                    href="/messages"
                  >
                    Messages
                  </a>
                </h3>
              </span>
            </li>
          </ul>
          <div
            aria-hidden="true"
            style="display: none;"
          />
        </nav>
        <main>
          <div
            class="preloader__wrapper"
          >
            <div
              class="ant-spin ant-spin-lg ant-spin-spinning"
            >
              <span
                class="ant-spin-dot ant-spin-dot-spin"
              >
                <i
                  class="ant-spin-dot-item"
                />
                <i
                  class="ant-spin-dot-item"
                />
                <i
                  class="ant-spin-dot-item"
                />
                <i
                  class="ant-spin-dot-item"
                />
              </span>
            </div>
          </div>
        </main>
        <footer
          class="footer__wrapper"
        >
          Social network ©2021 Created by Balyaev Dmitriy with Ant Design
        </footer>
      </div>
    </div>
  </body>,
  "container": <div>
    <div
      class="app__wrapper"
    >
      <header
        class="header__wrapper"
      >
        <div>
          <div
            class="header__mobile_menu"
          >
            <button
              class="ant-btn ant-btn-primary"
              type="button"
            >
              <span
                aria-label="menu-unfold"
                class="anticon anticon-menu-unfold"
                role="img"
              >
                <svg
                  aria-hidden="true"
                  data-icon="menu-unfold"
                  fill="currentColor"
                  focusable="false"
                  height="1em"
                  viewBox="64 64 896 896"
                  width="1em"
                >
                  <path
                    d="M408 442h480c4.4 0 8-3.6 8-8v-56c0-4.4-3.6-8-8-8H408c-4.4 0-8 3.6-8 8v56c0 4.4 3.6 8 8 8zm-8 204c0 4.4 3.6 8 8 8h480c4.4 0 8-3.6 8-8v-56c0-4.4-3.6-8-8-8H408c-4.4 0-8 3.6-8 8v56zm504-486H120c-4.4 0-8 3.6-8 8v56c0 4.4 3.6 8 8 8h784c4.4 0 8-3.6 8-8v-56c0-4.4-3.6-8-8-8zm0 632H120c-4.4 0-8 3.6-8 8v56c0 4.4 3.6 8 8 8h784c4.4 0 8-3.6 8-8v-56c0-4.4-3.6-8-8-8zM142.4 642.1L298.7 519a8.84 8.84 0 000-13.9L142.4 381.9c-5.8-4.6-14.4-.5-14.4 6.9v246.3a8.9 8.9 0 0014.4 7z"
                  />
                </svg>
              </span>
            </button>
            <div>
              Menu
            </div>
          </div>
          <img
            alt="logo"
            class="header__logo"
            src="logo.png"
          />
        </div>
        <div>
          <a
            href="/login"
          >
            Login
          </a>
        </div>
      </header>
      <nav
        class="nav__wrapper"
      >
        <ul
          class="ant-menu ant-menu-root ant-menu-inline ant-menu-light nav__menu"
          data-menu-list="true"
          role="menu"
          tabindex="0"
        >
          <li
            class="ant-menu-item ant-menu-item-only-child"
            data-menu-id="rc-menu-uuid-test-/profile"
            role="menuitem"
            style="padding-left: 24px;"
            tabindex="-1"
          >
            <span
              class="ant-menu-title-content"
            >
              <h3>
                <a
                  class=""
                  href="/profile"
                >
                  Profile
                </a>
              </h3>
            </span>
          </li>
          <li
            class="ant-menu-item ant-menu-item-only-child"
            data-menu-id="rc-menu-uuid-test-/users"
            role="menuitem"
            style="padding-left: 24px;"
            tabindex="-1"
          >
            <span
              class="ant-menu-title-content"
            >
              <h3>
                <a
                  class=""
                  href="/users"
                >
                  Users
                </a>
              </h3>
            </span>
          </li>
          <li
            class="ant-menu-item ant-menu-item-only-child"
            data-menu-id="rc-menu-uuid-test-/messages"
            role="menuitem"
            style="padding-left: 24px;"
            tabindex="-1"
          >
            <span
              class="ant-menu-title-content"
            >
              <h3>
                <a
                  class=""
                  href="/messages"
                >
                  Messages
                </a>
              </h3>
            </span>
          </li>
        </ul>
        <div
          aria-hidden="true"
          style="display: none;"
        />
      </nav>
      <main>
        <div
          class="preloader__wrapper"
        >
          <div
            class="ant-spin ant-spin-lg ant-spin-spinning"
          >
            <span
              class="ant-spin-dot ant-spin-dot-spin"
            >
              <i
                class="ant-spin-dot-item"
              />
              <i
                class="ant-spin-dot-item"
              />
              <i
                class="ant-spin-dot-item"
              />
              <i
                class="ant-spin-dot-item"
              />
            </span>
          </div>
        </div>
      </main>
      <footer
        class="footer__wrapper"
      >
        Social network ©2021 Created by Balyaev Dmitriy with Ant Design
      </footer>
    </div>
  </div>,
  "debug": [Function],
  "findAllByAltText": [Function],
  "findAllByDisplayValue": [Function],
  "findAllByLabelText": [Function],
  "findAllByPlaceholderText": [Function],
  "findAllByRole": [Function],
  "findAllByTestId": [Function],
  "findAllByText": [Function],
  "findAllByTitle": [Function],
  "findByAltText": [Function],
  "findByDisplayValue": [Function],
  "findByLabelText": [Function],
  "findByPlaceholderText": [Function],
  "findByRole": [Function],
  "findByTestId": [Function],
  "findByText": [Function],
  "findByTitle": [Function],
  "getAllByAltText": [Function],
  "getAllByDisplayValue": [Function],
  "getAllByLabelText": [Function],
  "getAllByPlaceholderText": [Function],
  "getAllByRole": [Function],
  "getAllByTestId": [Function],
  "getAllByText": [Function],
  "getAllByTitle": [Function],
  "getByAltText": [Function],
  "getByDisplayValue": [Function],
  "getByLabelText": [Function],
  "getByPlaceholderText": [Function],
  "getByRole": [Function],
  "getByTestId": [Function],
  "getByText": [Function],
  "getByTitle": [Function],
  "queryAllByAltText": [Function],
  "queryAllByDisplayValue": [Function],
  "queryAllByLabelText": [Function],
  "queryAllByPlaceholderText": [Function],
  "queryAllByRole": [Function],
  "queryAllByTestId": [Function],
  "queryAllByText": [Function],
  "queryAllByTitle": [Function],
  "queryByAltText": [Function],
  "queryByDisplayValue": [Function],
  "queryByLabelText": [Function],
  "queryByPlaceholderText": [Function],
  "queryByRole": [Function],
  "queryByTestId": [Function],
  "queryByText": [Function],
  "queryByTitle": [Function],
  "rerender": [Function],
  "unmount": [Function],
}
`;
